[2026-06-04 14:22:45,248][__main__][INFO] - Config:
data:
  path: data/raw/train.csv
  target_col: target
  test_size: 0.2
  random_state: 42
model:
  _target_: sklearn.ensemble.GradientBoostingClassifier
  name: gradient_boosting
  n_estimators: 100
  learning_rate: 0.1
  max_depth: 5
  subsample: 0.8
  random_state: 42
training:
  cv_folds: 5
  scoring: roc_auc
  register_model: false
  model_stage: Staging
project:
  name: sber_ml_pipeline
  experiment_name: credit_scoring
mlflow:
  tracking_uri: sqlite:///mlflow.db

[2026-06-04 14:22:45,686][src.data.loader][INFO] - Loading data from data/raw/train.csv
[2026-06-04 14:22:45,689][src.data.loader][INFO] - Loaded 5000 rows, 8 columns
[2026-06-04 14:22:45,691][src.data.loader][INFO] - Split: train=4000, test=1000
[2026-06-04 14:22:45,691][src.data.preprocessor][INFO] - Features: 5 numeric, 2 categorical
[2026-06-04 14:22:45,766][src.models.sklearn_model][INFO] - Initialized model: gradient_boosting
[2026-06-04 14:22:45,766][src.training.trainer][INFO] - 5-fold CV, scoring=roc_auc
[2026-06-04 14:22:47,725][src.training.trainer][INFO] - CV roc_auc: 0.7208 ± 0.0119
[2026-06-04 14:22:47,732][src.models.sklearn_model][INFO] - Fitting gradient_boosting on 4000 samples
[2026-06-04 14:22:48,105][src.evaluation.evaluator][INFO] - 
              precision    recall  f1-score   support

           0       0.61      0.47      0.53       394
           1       0.70      0.80      0.75       606

    accuracy                           0.67      1000
   macro avg       0.65      0.64      0.64      1000
weighted avg       0.66      0.67      0.66      1000

[2026-06-04 14:22:48,105][src.evaluation.evaluator][INFO] -   accuracy     0.6710
[2026-06-04 14:22:48,105][src.evaluation.evaluator][INFO] -   roc_auc      0.7208
[2026-06-04 14:22:48,105][src.evaluation.evaluator][INFO] -   f1           0.7471
[2026-06-04 14:22:48,105][src.evaluation.evaluator][INFO] -   precision    0.6993
[2026-06-04 14:22:48,105][src.evaluation.evaluator][INFO] -   recall       0.8020
[2026-06-04 14:22:50,101][__main__][INFO] - Pipeline complete. ROC-AUC=0.7208
