[2026-06-04 14:37:07,987][__main__][INFO] - Config:
data:
  path: data/raw/train.csv
  target_col: target
  test_size: 0.2
  random_state: 42
model:
  _target_: sklearn.ensemble.RandomForestClassifier
  name: random_forest
  n_estimators: 100
  max_depth: 10
  min_samples_split: 5
  random_state: 42
  n_jobs: -1
encoder:
  _target_: sklearn.preprocessing.OrdinalEncoder
  handle_unknown: use_encoded_value
  unknown_value: -1
training:
  cv_folds: 5
  scoring: roc_auc
  register_model: false
  model_stage: Staging
project:
  name: sber_ml_pipeline
  experiment_name: credit_scoring
mlflow:
  tracking_uri: sqlite:///mlflow.db

[2026-06-04 14:37:08,588][src.data.loader][INFO] - Loading data from data/raw/train.csv
[2026-06-04 14:37:08,594][src.data.loader][INFO] - Loaded 5000 rows, 8 columns
[2026-06-04 14:37:08,607][src.data.loader][INFO] - Split: train=4000, test=1000
[2026-06-04 14:37:08,607][src.data.preprocessor][INFO] - Features: 5 numeric, 2 categorical
[2026-06-04 14:37:08,610][src.data.preprocessor][INFO] - Using encoder: sklearn.preprocessing.OrdinalEncoder
[2026-06-04 14:37:08,694][src.models.sklearn_model][INFO] - Initialized model: random_forest
[2026-06-04 14:37:08,694][src.training.trainer][INFO] - 5-fold CV, scoring=roc_auc
[2026-06-04 14:37:10,696][src.training.trainer][INFO] - CV roc_auc: 0.7276 ± 0.0129
[2026-06-04 14:37:10,704][src.models.sklearn_model][INFO] - Fitting random_forest on 4000 samples
[2026-06-04 14:37:10,810][src.evaluation.evaluator][INFO] - 
              precision    recall  f1-score   support

           0       0.63      0.44      0.52       394
           1       0.70      0.84      0.76       606

    accuracy                           0.68      1000
   macro avg       0.67      0.64      0.64      1000
weighted avg       0.67      0.68      0.66      1000

[2026-06-04 14:37:10,810][src.evaluation.evaluator][INFO] -   accuracy     0.6790
[2026-06-04 14:37:10,810][src.evaluation.evaluator][INFO] -   roc_auc      0.7285
[2026-06-04 14:37:10,810][src.evaluation.evaluator][INFO] -   f1           0.7596
[2026-06-04 14:37:10,810][src.evaluation.evaluator][INFO] -   precision    0.6955
[2026-06-04 14:37:10,810][src.evaluation.evaluator][INFO] -   recall       0.8366
[2026-06-04 14:37:12,996][__main__][INFO] - Pipeline complete. ROC-AUC=0.7285
