[2026-06-04 14:20:58,207][__main__][INFO] - Config:
data:
  path: data/raw/train.csv
  target_col: target
  test_size: 0.2
  random_state: 42
model:
  _target_: sklearn.ensemble.RandomForestClassifier
  name: random_forest
  n_estimators: 100
  max_depth: 10
  min_samples_split: 5
  random_state: 42
  n_jobs: -1
training:
  cv_folds: 5
  scoring: roc_auc
  register_model: false
  model_stage: Staging
project:
  name: sber_ml_pipeline
  experiment_name: credit_scoring
mlflow:
  tracking_uri: sqlite:///mlflow.db

[2026-06-04 14:20:59,286][src.data.loader][INFO] - Loading data from data/raw/train.csv
[2026-06-04 14:20:59,293][src.data.loader][INFO] - Loaded 5000 rows, 8 columns
[2026-06-04 14:20:59,299][src.data.loader][INFO] - Split: train=4000, test=1000
[2026-06-04 14:20:59,299][src.data.preprocessor][INFO] - Features: 5 numeric, 2 categorical
