[2026-06-04 14:37:19,452][__main__][INFO] - Config:
data:
  path: data/raw/train.csv
  target_col: target
  test_size: 0.2
  random_state: 42
model:
  _target_: sklearn.ensemble.RandomForestClassifier
  name: random_forest
  n_estimators: 100
  max_depth: 10
  min_samples_split: 5
  random_state: 42
  n_jobs: -1
encoder:
  _target_: sklearn.preprocessing.OneHotEncoder
  handle_unknown: ignore
  sparse_output: false
training:
  cv_folds: 5
  scoring: roc_auc
  register_model: false
  model_stage: Staging
project:
  name: sber_ml_pipeline
  experiment_name: credit_scoring
mlflow:
  tracking_uri: sqlite:///mlflow.db

[2026-06-04 14:37:19,909][src.data.loader][INFO] - Loading data from data/raw/train.csv
[2026-06-04 14:37:19,911][src.data.loader][INFO] - Loaded 5000 rows, 8 columns
[2026-06-04 14:37:19,917][src.data.loader][INFO] - Split: train=4000, test=1000
[2026-06-04 14:37:19,917][src.data.preprocessor][INFO] - Features: 5 numeric, 2 categorical
[2026-06-04 14:37:19,917][src.data.preprocessor][INFO] - Using encoder: sklearn.preprocessing.OneHotEncoder
[2026-06-04 14:37:19,996][src.models.sklearn_model][INFO] - Initialized model: random_forest
[2026-06-04 14:37:19,996][src.training.trainer][INFO] - 5-fold CV, scoring=roc_auc
[2026-06-04 14:37:21,984][src.training.trainer][INFO] - CV roc_auc: 0.7283 ± 0.0156
[2026-06-04 14:37:22,006][src.models.sklearn_model][INFO] - Fitting random_forest on 4000 samples
[2026-06-04 14:37:22,112][src.evaluation.evaluator][INFO] - 
              precision    recall  f1-score   support

           0       0.63      0.44      0.52       394
           1       0.70      0.83      0.76       606

    accuracy                           0.68      1000
   macro avg       0.66      0.64      0.64      1000
weighted avg       0.67      0.68      0.66      1000

[2026-06-04 14:37:22,112][src.evaluation.evaluator][INFO] -   accuracy     0.6770
[2026-06-04 14:37:22,112][src.evaluation.evaluator][INFO] -   roc_auc      0.7336
[2026-06-04 14:37:22,112][src.evaluation.evaluator][INFO] -   f1           0.7570
[2026-06-04 14:37:22,112][src.evaluation.evaluator][INFO] -   precision    0.6957
[2026-06-04 14:37:22,112][src.evaluation.evaluator][INFO] -   recall       0.8300
[2026-06-04 14:37:24,086][__main__][INFO] - Pipeline complete. ROC-AUC=0.7336
